HI-TECH Software C Compiler 

Linker command line:

--edf=C:\Program Files (x86)\HI-TECH Software\PICC\9.80\dat\en_msgs.txt -cs \
  -h+pic traffic light test21.sym -z -Q16F877A -ol.obj \
  -Mpic traffic light test21.map -E1 -ACONST=00h-0FFhx32 -ACODE=00h-07FFhx4 \
  -ASTRCODE=00h-01FFFh -AENTRY=00h-0FFhx32 -ASTRING=00h-0FFhx32 \
  -ABANK0=020h-06Fh -ABANK1=0A0h-0EFh -ABANK2=0110h-016Fh \
  -ABANK3=0190h-01EFh -ARAM=020h-06Fh,0A0h-0EFh,0110h-016Fh,0190h-01EFh \
  -AABS1=020h-07Fh,0A0h-0EFh,0110h-016Fh,0190h-01EFh -ACOMMON=070h-07Fh \
  -ASFR0=00h-01Fh -ASFR1=080h-09Fh -ASFR2=0100h-010Fh -ASFR3=0180h-018Fh \
  -preset_vec=00h,intentry,init,end_init -ppowerup=CODE -pfunctab=CODE \
  -ACONFIG=02007h-02007h -pconfig=CONFIG -DCONFIG=2 -AIDLOC=02000h-02003h \
  -pidloc=IDLOC -DIDLOC=2 -AEEDATA=00h-0FFh/02100h -peeprom_data=EEDATA \
  -DEEDATA=2 -DCODE=2 -DSTRCODE=2 -DSTRING=2 -DCONST=2 -DENTRY=2 -k \
  startup.obj pic traffic light test21.obj 

Object code version is 3.10

Machine type is 16F877A



                Name                               Link     Load   Length Selector   Space Scale
startup.obj     end_init                              0        0        3        0       0
pic traffic light test21.obj
                text147                             54B      54B       28      A96       0
                text146                             5DD      5DD       79      BBA       0
                text145                             573      573       6A      AE6       0
                text144                             656      656       8D      CAC       0
                text143                             6E3      6E3       8D      DC6       0
                maintext                            770      770       90      EE0       0
                cstackBANK0                          34       34        E       20       1
                cstackCOMMON                         70       70        D       70       1
                inittext                            514      514       11      A28       0
                dataBANK0                            20       20       14       20       1
                cinit                               525      525       12      A4A       0
                idataBANK0                          537      537       14      A6E       0

TOTAL           Name                               Link     Load   Length     Space
        CLASS   CONST          

        CLASS   CODE           
                end_init                              0        0        3         0
                text147                             54B      54B       28         0
                text146                             5DD      5DD       79         0
                text145                             573      573       6A         0
                text144                             656      656       8D         0
                text143                             6E3      6E3       8D         0
                maintext                            770      770       90         0
                inittext                            514      514       11         0
                cinit                               525      525       12         0
                idataBANK0                          537      537       14         0

        CLASS   STRCODE        

        CLASS   ENTRY          

        CLASS   STRING         

        CLASS   BANK0          
                cstackBANK0                          34       34        E         1
                dataBANK0                            20       20       14         1

        CLASS   BANK1          

        CLASS   BANK2          

        CLASS   BANK3          

        CLASS   RAM            

        CLASS   ABS1           
                abs_s1                               7E       7E        2         1

        CLASS   COMMON         
                cstackCOMMON                         70       70        D         1

        CLASS   SFR0           

        CLASS   SFR1           

        CLASS   SFR2           

        CLASS   SFR3           

        CLASS   CONFIG         

        CLASS   IDLOC          

        CLASS   EEDATA         



SEGMENTS        Name                           Load    Length   Top    Selector   Space  Class     Delta

                reset_vec                      000000  000003  000003         0       0  CODE        2
                dataBANK0                      000020  000022  000042        20       1  BANK0       1
                cstackCOMMON                   000070  00000D  00007D        70       1  COMMON      1
                inittext                       000514  000011  000525       A28       0  CODE        2
                cinit                          000525  000012  000537       A4A       0  CODE        2
                idataBANK0                     000537  000014  00054B       A6E       0  CODE        2
                text147                        00054B  000028  000573       A96       0  CODE        2
                text145                        000573  00006A  0005DD       AE6       0  CODE        2
                text146                        0005DD  000079  000656       BBA       0  CODE        2
                text144                        000656  00008D  0006E3       CAC       0  CODE        2
                text143                        0006E3  00008D  000770       DC6       0  CODE        2
                maintext                       000770  000090  000800       EE0       0  CODE        2


UNUSED ADDRESS RANGES

        Name                Unused          Largest block    Delta
        BANK0            0042-006F             2E           1
        BANK1            00A0-00EF             50           1
        BANK2            0110-016F             60           1
        BANK3            0190-01EF             60           1
        CODE             0003-0513            511           2
                         0800-1FFF            800
        COMMON           007D-007D              1           1
        CONFIG           2007-2007              1           2
        CONST            0003-0513            100           2
                         0800-1FFF            100
        EEDATA           2100-21FF            100           2
        ENTRY            0003-0513            100           2
                         0800-1FFF            100
        IDLOC            2000-2003              4           2
        RAM              0042-006F             2E           1
                         00A0-00EF             50
                         0110-016F             60
                         0190-01EF             60
        SFR0             0000-001F             20           1
        SFR1             0080-009F             20           1
        SFR2             0100-010F             10           1
        SFR3             0180-018F             10           1
        STRCODE          0003-0513            511           2
                         0800-1FFF           1800
        STRING           0003-0513            100           2
                         0800-1FFF            100

                                  Symbol Table

??___awdiv            cstackCOMMON 0074
??___awmod            cstackCOMMON 0074
??_delay              cstackCOMMON 0070
??_main               cstackCOMMON 007D
??_redgreen           cstackCOMMON 0079
??_yellow             cstackCOMMON 0079
?___awdiv             cstackCOMMON 0070
?___awmod             cstackCOMMON 0070
?_delay               cstackCOMMON 0070
?_main                cstackCOMMON 0070
?_redgreen            cstackCOMMON 0070
?_yellow              cstackCOMMON 0070
_PORTB                (abs)        0006
_PORTC                (abs)        0007
_PORTD                (abs)        0008
_RD0                  (abs)        0040
_RD1                  (abs)        0041
_TRISB                (abs)        0086
_TRISC                (abs)        0087
_TRISD                (abs)        0088
__Habs1               abs1         0000
__Hbank0              bank0        0000
__Hbank1              bank1        0000
__Hbank2              bank2        0000
__Hbank3              bank3        0000
__Hcinit              cinit        0000
__Hclrtext            clrtext      0000
__Hcode               code         0000
__Hcommon             common       0000
__Hconfig             config       0000
__HcstackBANK0        cstackBANK0  0000
__HcstackCOMMON       cstackCOMMON 0000
__HdataBANK0          dataBANK0    0000
__Heeprom_data        eeprom_data  0000
__Hend_init           end_init     0003
__Hfunctab            functab      0000
__HidataBANK0         idataBANK0   0000
__Hidloc              idloc        0000
__Hinit               init         0000
__Hinittext           inittext     0000
__Hintentry           intentry     0000
__Hmaintext           maintext     0000
__Hpowerup            powerup      0000
__Hram                ram          0000
__Hreset_vec          reset_vec    0000
__Hsfr0               sfr0         0000
__Hsfr1               sfr1         0000
__Hsfr2               sfr2         0000
__Hsfr3               sfr3         0000
__Hstrings            strings      0000
__Htext               text         0000
__Labs1               abs1         0000
__Lbank0              bank0        0000
__Lbank1              bank1        0000
__Lbank2              bank2        0000
__Lbank3              bank3        0000
__Lcinit              cinit        0000
__Lclrtext            clrtext      0000
__Lcode               code         0000
__Lcommon             common       0000
__Lconfig             config       0000
__LcstackBANK0        cstackBANK0  0000
__LcstackCOMMON       cstackCOMMON 0000
__LdataBANK0          dataBANK0    0000
__Leeprom_data        eeprom_data  0000
__Lend_init           end_init     0000
__Lfunctab            functab      0000
__LidataBANK0         idataBANK0   0000
__Lidloc              idloc        0000
__Linit               init         0000
__Linittext           inittext     0000
__Lintentry           intentry     0000
__Lmaintext           maintext     0000
__Lpowerup            powerup      0000
__Lram                ram          0000
__Lreset_vec          reset_vec    0000
__Lsfr0               sfr0         0000
__Lsfr1               sfr1         0000
__Lsfr2               sfr2         0000
__Lsfr3               sfr3         0000
__Lstrings            strings      0000
__Ltext               text         0000
__S0                  (abs)        0800
__S1                  (abs)        007D
__S2                  (abs)        0000
___awdiv              text146      05DD
___awdiv@counter      cstackCOMMON 0075
___awdiv@dividend     cstackCOMMON 0072
___awdiv@divisor      cstackCOMMON 0070
___awdiv@quotient     cstackCOMMON 0077
___awdiv@sign         cstackCOMMON 0076
___awmod              text145      0573
___awmod@counter      cstackCOMMON 0075
___awmod@dividend     cstackCOMMON 0072
___awmod@divisor      cstackCOMMON 0070
___awmod@sign         cstackCOMMON 0076
__end_of___awdiv      text146      0656
__end_of___awmod      text145      05DD
__end_of_delay        text147      0573
__end_of_main         maintext     0800
__end_of_redgreen     text144      06E3
__end_of_yellow       text143      0770
__pcstackBANK0        cstackBANK0  0034
__pcstackCOMMON       cstackCOMMON 0070
__pdataBANK0          dataBANK0    0020
__pidataBANK0         idataBANK0   0537
__pmaintext           maintext     0770
__ptext143            text143      06E3
__ptext144            text144      0656
__ptext145            text145      0573
__ptext146            text146      05DD
__ptext147            text147      054B
__ptext148            text148      0000
__size_of___awdiv     (abs)        0000
__size_of___awmod     (abs)        0000
__size_of_delay       (abs)        0000
__size_of_main        (abs)        0000
__size_of_redgreen    (abs)        0000
__size_of_yellow      (abs)        0000
_delay                text147      054B
_exit                 init         0000
_main                 maintext     0770
_redgreen             text144      0656
_yellow               text143      06E3
btemp                 (abs)        007E
delay@k               cstackCOMMON 0070
end_of_initialization cinit        0533
init_fetch            inittext     0514
init_ram              inittext     0518
intlevel0             functab      0000
intlevel1             functab      0000
intlevel2             functab      0000
intlevel3             functab      0000
intlevel4             functab      0000
intlevel5             functab      0000
redgreen@F517         dataBANK0    0020
redgreen@i            cstackBANK0  003E
redgreen@j            cstackBANK0  0040
redgreen@segcmd       cstackBANK0  0034
reset_vec             reset_vec    0000
start                 init         0000
start_initialization  cinit        0525
wtemp0                (abs)        007E
yellow@F521           dataBANK0    002A
yellow@i              cstackBANK0  003E
yellow@j              cstackBANK0  0040
yellow@segcmd         cstackBANK0  0034
