HI-TECH Software C Compiler 

Linker command line:

--edf=C:\Program Files (x86)\HI-TECH Software\PICC\9.80\dat\en_msgs.txt -cs \
  -h+lcd 4bit test 1.sym -z -Q16F877A -ol.obj -Mlcd 4bit test 1.map -E1 \
  -ACONST=00h-0FFhx32 -ACODE=00h-07FFhx4 -ASTRCODE=00h-01FFFh \
  -AENTRY=00h-0FFhx32 -ASTRING=00h-0FFhx32 -ABANK0=020h-06Fh \
  -ABANK1=0A0h-0EFh -ABANK2=0110h-016Fh -ABANK3=0190h-01EFh \
  -ARAM=020h-06Fh,0A0h-0EFh,0110h-016Fh,0190h-01EFh \
  -AABS1=020h-07Fh,0A0h-0EFh,0110h-016Fh,0190h-01EFh -ACOMMON=070h-07Fh \
  -ASFR0=00h-01Fh -ASFR1=080h-09Fh -ASFR2=0100h-010Fh -ASFR3=0180h-018Fh \
  -preset_vec=00h,intentry,init,end_init -ppowerup=CODE -pfunctab=CODE \
  -ACONFIG=02007h-02007h -pconfig=CONFIG -DCONFIG=2 -AIDLOC=02000h-02003h \
  -pidloc=IDLOC -DIDLOC=2 -AEEDATA=00h-0FFh/02100h -peeprom_data=EEDATA \
  -DEEDATA=2 -DCODE=2 -DSTRCODE=2 -DSTRING=2 -DCONST=2 -DENTRY=2 -k \
  startup.obj lcd 4bit test 1.obj 

Object code version is 3.10

Machine type is 16F877A



                Name                               Link     Load   Length Selector   Space Scale
startup.obj     end_init                              0        0        3        0       0
lcd 4bit test 1.obj
                text136                             66A      66A       28      CD4       0
                text135                             6BD      6BD       2E      D7A       0
                text134                             6EB      6EB       2E      DD6       0
                text133                             692      692       2B      D24       0
                maintext                            765      765       9B      ECA       0
                cstackBANK0                          20       20       50       20       1
                cstackCOMMON                         70       70        8       70       1
                inittext                            647      647       11      C8E       0
                dataBANK1                            A0       A0       4C       A0       1
                cinit                               658      658       12      CB0       0
                idataBANK1                          719      719       4C      E32       0

TOTAL           Name                               Link     Load   Length     Space
        CLASS   CONST          

        CLASS   CODE           
                end_init                              0        0        3         0
                text136                             66A      66A       28         0
                text135                             6BD      6BD       2E         0
                text134                             6EB      6EB       2E         0
                text133                             692      692       2B         0
                maintext                            765      765       9B         0
                inittext                            647      647       11         0
                cinit                               658      658       12         0
                idataBANK1                          719      719       4C         0

        CLASS   STRCODE        

        CLASS   ENTRY          

        CLASS   STRING         

        CLASS   BANK0          
                cstackBANK0                          20       20       50         1

        CLASS   BANK1          
                dataBANK1                            A0       A0       4C         1

        CLASS   BANK2          

        CLASS   BANK3          

        CLASS   RAM            

        CLASS   ABS1           
                abs_s1                               7E       7E        2         1

        CLASS   COMMON         
                cstackCOMMON                         70       70        8         1

        CLASS   SFR0           

        CLASS   SFR1           

        CLASS   SFR2           

        CLASS   SFR3           

        CLASS   CONFIG         

        CLASS   IDLOC          

        CLASS   EEDATA         



SEGMENTS        Name                           Load    Length   Top    Selector   Space  Class     Delta

                reset_vec                      000000  000003  000003         0       0  CODE        2
                cstackBANK0                    000020  000050  000070        20       1  BANK0       1
                cstackCOMMON                   000070  000008  000078        70       1  COMMON      1
                dataBANK1                      0000A0  00004C  0000EC        A0       1  BANK1       1
                inittext                       000647  000011  000658       C8E       0  CODE        2
                cinit                          000658  000012  00066A       CB0       0  CODE        2
                text136                        00066A  000028  000692       CD4       0  CODE        2
                text133                        000692  00002B  0006BD       D24       0  CODE        2
                text135                        0006BD  00002E  0006EB       D7A       0  CODE        2
                text134                        0006EB  00002E  000719       DD6       0  CODE        2
                idataBANK1                     000719  00004C  000765       E32       0  CODE        2
                maintext                       000765  00009B  000800       ECA       0  CODE        2


UNUSED ADDRESS RANGES

        Name                Unused          Largest block    Delta
        BANK1            00EC-00EF              4           1
        BANK2            0110-016F             60           1
        BANK3            0190-01EF             60           1
        CODE             0003-0646            644           2
                         0800-1FFF            800
        COMMON           0078-007D              6           1
        CONFIG           2007-2007              1           2
        CONST            0003-0646            100           2
                         0800-1FFF            100
        EEDATA           2100-21FF            100           2
        ENTRY            0003-0646            100           2
                         0800-1FFF            100
        IDLOC            2000-2003              4           2
        RAM              00EC-00EF              4           1
                         0110-016F             60
                         0190-01EF             60
        SFR0             0000-001F             20           1
        SFR1             0080-009F             20           1
        SFR2             0100-010F             10           1
        SFR3             0180-018F             10           1
        STRCODE          0003-0646            644           2
                         0800-1FFF           1800
        STRING           0003-0646            100           2
                         0800-1FFF            100

                                  Symbol Table

??_delay              cstackCOMMON 0070
??_lcdcmd             cstackCOMMON 0072
??_lcddata            cstackCOMMON 0072
??_lcdint             cstackCOMMON 0074
??_main               cstackCOMMON 0074
?_delay               cstackCOMMON 0070
?_lcdcmd              cstackCOMMON 0070
?_lcddata             cstackCOMMON 0070
?_lcdint              cstackCOMMON 0070
?_main                cstackCOMMON 0070
_PORTD                (abs)        0008
_RC0                  (abs)        0038
_RC1                  (abs)        0039
_RC2                  (abs)        003A
_TRISC                (abs)        0087
_TRISD                (abs)        0088
__Habs1               abs1         0000
__Hbank0              bank0        0000
__Hbank1              bank1        0000
__Hbank2              bank2        0000
__Hbank3              bank3        0000
__Hcinit              cinit        0000
__Hclrtext            clrtext      0000
__Hcode               code         0000
__Hcommon             common       0000
__Hconfig             config       0000
__HcstackBANK0        cstackBANK0  0000
__HcstackCOMMON       cstackCOMMON 0000
__HdataBANK1          dataBANK1    0000
__Heeprom_data        eeprom_data  0000
__Hend_init           end_init     0003
__Hfunctab            functab      0000
__HidataBANK1         idataBANK1   0000
__Hidloc              idloc        0000
__Hinit               init         0000
__Hinittext           inittext     0000
__Hintentry           intentry     0000
__Hmaintext           maintext     0000
__Hpowerup            powerup      0000
__Hram                ram          0000
__Hreset_vec          reset_vec    0000
__Hsfr0               sfr0         0000
__Hsfr1               sfr1         0000
__Hsfr2               sfr2         0000
__Hsfr3               sfr3         0000
__Hstrings            strings      0000
__Htext               text         0000
__Labs1               abs1         0000
__Lbank0              bank0        0000
__Lbank1              bank1        0000
__Lbank2              bank2        0000
__Lbank3              bank3        0000
__Lcinit              cinit        0000
__Lclrtext            clrtext      0000
__Lcode               code         0000
__Lcommon             common       0000
__Lconfig             config       0000
__LcstackBANK0        cstackBANK0  0000
__LcstackCOMMON       cstackCOMMON 0000
__LdataBANK1          dataBANK1    0000
__Leeprom_data        eeprom_data  0000
__Lend_init           end_init     0000
__Lfunctab            functab      0000
__LidataBANK1         idataBANK1   0000
__Lidloc              idloc        0000
__Linit               init         0000
__Linittext           inittext     0000
__Lintentry           intentry     0000
__Lmaintext           maintext     0000
__Lpowerup            powerup      0000
__Lram                ram          0000
__Lreset_vec          reset_vec    0000
__Lsfr0               sfr0         0000
__Lsfr1               sfr1         0000
__Lsfr2               sfr2         0000
__Lsfr3               sfr3         0000
__Lstrings            strings      0000
__Ltext               text         0000
__S0                  (abs)        0800
__S1                  (abs)        00EC
__S2                  (abs)        0000
__end_of_delay        text136      0692
__end_of_lcdcmd       text134      0719
__end_of_lcddata      text135      06EB
__end_of_lcdint       text133      06BD
__end_of_main         maintext     0800
__pcstackBANK0        cstackBANK0  0020
__pcstackCOMMON       cstackCOMMON 0070
__pdataBANK1          dataBANK1    00A0
__pidataBANK1         idataBANK1   0719
__pmaintext           maintext     0765
__ptext133            text133      0692
__ptext134            text134      06EB
__ptext135            text135      06BD
__ptext136            text136      066A
__ptext137            text137      0000
__size_of_delay       (abs)        0000
__size_of_lcdcmd      (abs)        0000
__size_of_lcddata     (abs)        0000
__size_of_lcdint      (abs)        0000
__size_of_main        (abs)        0000
_delay                text136      066A
_exit                 init         0000
_lcdcmd               text134      06EB
_lcddata              text135      06BD
_lcdint               text133      0692
_main                 maintext     0765
btemp                 (abs)        007E
delay@k_327           cstackCOMMON 0070
end_of_initialization cinit        0666
init_fetch            inittext     0647
init_ram              inittext     064B
intlevel0             functab      0000
intlevel1             functab      0000
intlevel2             functab      0000
intlevel3             functab      0000
intlevel4             functab      0000
intlevel5             functab      0000
lcdcmd@a              cstackCOMMON 0073
lcddata@b             cstackCOMMON 0073
main@F518             dataBANK1    00A0
main@a                cstackBANK0  0020
main@j                cstackBANK0  006C
main@j_319            cstackBANK0  006E
reset_vec             reset_vec    0000
start                 init         0000
start_initialization  cinit        0658
wtemp0                (abs)        007E
